askdjfhas
